Archive member included to satisfy reference by file (symbol)

.\CortexM3\ARM_GCC_541\Debug\hardware_task_1.a(isr_TS.o)
                              .\CortexM3\ARM_GCC_541\Debug\main.o (isr_TS_StartEx)
.\CortexM3\ARM_GCC_541\Debug\hardware_task_1.a(Timer_TS.o)
                              .\CortexM3\ARM_GCC_541\Debug\main.o (Timer_TS_Start)
.\CortexM3\ARM_GCC_541\Debug\hardware_task_1.a(USBUART.o)
                              .\CortexM3\ARM_GCC_541\Debug\main.o (USBUART_Start)
.\CortexM3\ARM_GCC_541\Debug\hardware_task_1.a(USBUART_cdc.o)
                              .\CortexM3\ARM_GCC_541\Debug\main.o (USBUART_CDC_Init)
.\CortexM3\ARM_GCC_541\Debug\hardware_task_1.a(USBUART_drv.o)
                              .\CortexM3\ARM_GCC_541\Debug\hardware_task_1.a(USBUART.o) (USBUART_EP)
.\CortexM3\ARM_GCC_541\Debug\hardware_task_1.a(USBUART_episr.o)
                              .\CortexM3\ARM_GCC_541\Debug\hardware_task_1.a(USBUART.o) (USBUART_EP_1_ISR)
.\CortexM3\ARM_GCC_541\Debug\hardware_task_1.a(USBUART_pm.o)
                              .\CortexM3\ARM_GCC_541\Debug\hardware_task_1.a(USBUART.o) (USBUART_DP_ISR)
.\CortexM3\ARM_GCC_541\Debug\hardware_task_1.a(USBUART_std.o)
                              .\CortexM3\ARM_GCC_541\Debug\hardware_task_1.a(USBUART_drv.o) (USBUART_HandleStandardRqst)
.\CortexM3\ARM_GCC_541\Debug\hardware_task_1.a(USBUART_vnd.o)
                              .\CortexM3\ARM_GCC_541\Debug\hardware_task_1.a(USBUART_drv.o) (USBUART_HandleVendorRqst)
.\CortexM3\ARM_GCC_541\Debug\hardware_task_1.a(USBUART_Dp.o)
                              .\CortexM3\ARM_GCC_541\Debug\hardware_task_1.a(USBUART.o) (USBUART_Dp_ClearInterrupt)
.\CortexM3\ARM_GCC_541\Debug\hardware_task_1.a(CyDmac.o)
                              .\CortexM3\ARM_GCC_541\Debug\Cm3Start.o (CyDmacConfigure)
.\CortexM3\ARM_GCC_541\Debug\hardware_task_1.a(CyLib.o)
                              .\CortexM3\ARM_GCC_541\Debug\Cm3Start.o (CyResetStatus)
.\CortexM3\ARM_GCC_541\Debug\hardware_task_1.a(cyPm.o)
                              .\CortexM3\ARM_GCC_541\Debug\hardware_task_1.a(CyLib.o) (CyPmReadStatus)
.\CortexM3\ARM_GCC_541\Debug\hardware_task_1.a(QuadDec_M1.o)
                              .\CortexM3\ARM_GCC_541\Debug\tacho.o (QuadDec_M1_GetCounter)
.\CortexM3\ARM_GCC_541\Debug\hardware_task_1.a(QuadDec_M2.o)
                              .\CortexM3\ARM_GCC_541\Debug\tacho.o (QuadDec_M2_GetCounter)
.\CortexM3\ARM_GCC_541\Debug\hardware_task_1.a(QuadDec_M1_Cnt16.o)
                              .\CortexM3\ARM_GCC_541\Debug\hardware_task_1.a(QuadDec_M1.o) (QuadDec_M1_Cnt16_WriteCounter)
.\CortexM3\ARM_GCC_541\Debug\hardware_task_1.a(QuadDec_M2_Cnt16.o)
                              .\CortexM3\ARM_GCC_541\Debug\hardware_task_1.a(QuadDec_M2.o) (QuadDec_M2_Cnt16_WriteCounter)
.\CortexM3\ARM_GCC_541\Debug\hardware_task_1.a(RF_BT_SELECT.o)
                              .\CortexM3\ARM_GCC_541\Debug\main.o (RF_BT_SELECT_Write)
.\CortexM3\ARM_GCC_541\Debug\hardware_task_1.a(VDAC8_1.o)
                              .\CortexM3\ARM_GCC_541\Debug\main.o (VDAC8_1_Start)
.\CortexM3\ARM_GCC_541\Debug\hardware_task_1.a(CyBootAsmGnu.o)
                              .\CortexM3\ARM_GCC_541\Debug\cyfitter_cfg.o (CyDelayCycles)
.\CortexM3\ARM_GCC_541\Debug\hardware_task_1.a(USBUART_cls.o)
                              .\CortexM3\ARM_GCC_541\Debug\hardware_task_1.a(USBUART_drv.o) (USBUART_DispatchClassRqst)
.\CortexM3\ARM_GCC_541\Debug\hardware_task_1.a(USBUART_descr.o)
                              .\CortexM3\ARM_GCC_541\Debug\hardware_task_1.a(USBUART_std.o) (USBUART_DEVICE0_DESCR)
.\CortexM3\ARM_GCC_541\Debug\hardware_task_1.a(CyFlash.o)
                              .\CortexM3\ARM_GCC_541\Debug\hardware_task_1.a(cyPm.o) (CyFlash_SetWaitCycles)
.\CortexM3\ARM_GCC_541\Debug\hardware_task_1.a(CySpc.o)
                              .\CortexM3\ARM_GCC_541\Debug\hardware_task_1.a(CyFlash.o) (CySpcStart)
c:/program files (x86)/cypress/psoc creator/4.2/psoc creator/import/gnu/arm/5.4.1/bin/../lib/gcc/arm-none-eabi/5.4.1/../../../../arm-none-eabi/lib/armv7-m\libg_nano.a(lib_a-errno.o)
                              .\CortexM3\ARM_GCC_541\Debug\Cm3Start.o (__errno)
c:/program files (x86)/cypress/psoc creator/4.2/psoc creator/import/gnu/arm/5.4.1/bin/../lib/gcc/arm-none-eabi/5.4.1/../../../../arm-none-eabi/lib/armv7-m\libg_nano.a(lib_a-exit.o)
                              c:/program files (x86)/cypress/psoc creator/4.2/psoc creator/import/gnu/arm/5.4.1/bin/../lib/gcc/arm-none-eabi/5.4.1/../../../../arm-none-eabi/lib/armv7-m/crt0.o (exit)
c:/program files (x86)/cypress/psoc creator/4.2/psoc creator/import/gnu/arm/5.4.1/bin/../lib/gcc/arm-none-eabi/5.4.1/../../../../arm-none-eabi/lib/armv7-m\libg_nano.a(lib_a-impure.o)
                              c:/program files (x86)/cypress/psoc creator/4.2/psoc creator/import/gnu/arm/5.4.1/bin/../lib/gcc/arm-none-eabi/5.4.1/../../../../arm-none-eabi/lib/armv7-m\libg_nano.a(lib_a-exit.o) (_global_impure_ptr)
[...]
Memory Configuration

Name             Origin             Length             Attributes
rom              0x00000000         0x00040000         xr
ram              0x1fff8000         0x00010000         xrw
*default*        0x00000000         0xffffffff

Linker script and memory map

LOAD c:/program files (x86)/cypress/psoc creator/4.2/psoc creator/import/gnu/arm/5.4.1/bin/../lib/gcc/arm-none-eabi/5.4.1/armv7-m/crti.o
LOAD c:/program files (x86)/cypress/psoc creator/4.2/psoc creator/import/gnu/arm/5.4.1/bin/../lib/gcc/arm-none-eabi/5.4.1/armv7-m/crtbegin.o
LOAD c:/program files (x86)/cypress/psoc creator/4.2/psoc creator/import/gnu/arm/5.4.1/bin/../lib/gcc/arm-none-eabi/5.4.1/../../../../arm-none-eabi/lib/armv7-m/crt0.o
START GROUP
LOAD .\CortexM3\ARM_GCC_541\Debug\main.o
LOAD .\CortexM3\ARM_GCC_541\Debug\tacho.o
LOAD .\CortexM3\ARM_GCC_541\Debug\cyfitter_cfg.o
LOAD .\CortexM3\ARM_GCC_541\Debug\cymetadata.o
LOAD .\CortexM3\ARM_GCC_541\Debug\Cm3Start.o
LOAD .\CortexM3\ARM_GCC_541\Debug\hardware_task_1.a
LOAD C:\Program Files (x86)\Cypress\PSoC Creator\4.2\PSoC Creator\psoc\content\cycomponentlibrary\CyComponentLibrary.cylib\CortexM3\ARM_GCC_541\Debug\CyComponentLibrary.a
END GROUP
START GROUP
LOAD c:/program files (x86)/cypress/psoc creator/4.2/psoc creator/import/gnu/arm/5.4.1/bin/../lib/gcc/arm-none-eabi/5.4.1/armv7-m\libgcc.a
LOAD c:/program files (x86)/cypress/psoc creator/4.2/psoc creator/import/gnu/arm/5.4.1/bin/../lib/gcc/arm-none-eabi/5.4.1/../../../../arm-none-eabi/lib/armv7-m\libg_nano.a
LOAD c:/program files (x86)/cypress/psoc creator/4.2/psoc creator/import/gnu/arm/5.4.1/bin/../lib/gcc/arm-none-eabi/5.4.1/../../../../arm-none-eabi/lib/armv7-m\libc_nano.a
END GROUP
START GROUP
LOAD c:/program files (x86)/cypress/psoc creator/4.2/psoc creator/import/gnu/arm/5.4.1/bin/../lib/gcc/arm-none-eabi/5.4.1/armv7-m\libgcc.a
LOAD c:/program files (x86)/cypress/psoc creator/4.2/psoc creator/import/gnu/arm/5.4.1/bin/../lib/gcc/arm-none-eabi/5.4.1/../../../../arm-none-eabi/lib/armv7-m\libc_nano.a
END GROUP
LOAD c:/program files (x86)/cypress/psoc creator/4.2/psoc creator/import/gnu/arm/5.4.1/bin/../lib/gcc/arm-none-eabi/5.4.1/armv7-m/crtend.o
LOAD c:/program files (x86)/cypress/psoc creator/4.2/psoc creator/import/gnu/arm/5.4.1/bin/../lib/gcc/arm-none-eabi/5.4.1/armv7-m/crtn.o
START GROUP
LOAD c:/program files (x86)/cypress/psoc creator/4.2/psoc creator/import/gnu/arm/5.4.1/bin/../lib/gcc/arm-none-eabi/5.4.1/armv7-m\libgcc.a
LOAD c:/program files (x86)/cypress/psoc creator/4.2/psoc creator/import/gnu/arm/5.4.1/bin/../lib/gcc/arm-none-eabi/5.4.1/../../../../arm-none-eabi/lib/armv7-m\libc.a
LOAD c:/program files (x86)/cypress/psoc creator/4.2/psoc creator/import/gnu/arm/5.4.1/bin/../lib/gcc/arm-none-eabi/5.4.1/../../../../arm-none-eabi/lib/armv7-m\libnosys.a
END GROUP
                0x00000000                CY_APPL_ORIGIN = 0x0
                0x00000100                CY_FLASH_ROW_SIZE = 0x100
                0x00000020                CY_ECC_ROW_SIZE = 0x20
                0x00000000                CY_EE_IN_BTLDR = 0x0
                0x00000000                CY_APPL_LOADABLE = 0x0
                0x00000800                CY_EE_SIZE = 0x800
                0x00000001                CY_APPL_NUM = 0x1
                0x00000001                CY_APPL_MAX = 0x1
                0x00000040                CY_METADATA_SIZE = 0x40
                0x00000000                CY_APPL_LOADABLE = 0x0
                0x00000000                CY_CHECKSUM_EXCLUDE_SIZE = ALIGN (0x0, CY_FLASH_ROW_SIZE)
                [!provide]                PROVIDE (__cy_heap_start, _end)
                0x00000001                PROVIDE (__cy_region_num, ((__cy_regions_end - __cy_regions) / 0x10))
                0x20008000                PROVIDE (__cy_stack, (ORIGIN (ram) + LENGTH (ram)))
                [!provide]                PROVIDE (__cy_heap_end, (__cy_stack - 0x800))

.cybootloader   0x00000000        0x0
 *(.cybootloader)
                0x00000000                appl1_start = CY_APPL_ORIGIN?CY_APPL_ORIGIN:ALIGN (CY_FLASH_ROW_SIZE)
                0x0001ff00                appl2_start = (appl1_start + ALIGN ((((LENGTH (rom) - appl1_start) - (0x2 * CY_FLASH_ROW_SIZE)) / 0x2), CY_FLASH_ROW_SIZE))
                0x00000000                appl_start = (CY_APPL_NUM == 0x1)?appl1_start:appl2_start
                0x00000000                ecc_offset = ((appl_start / CY_FLASH_ROW_SIZE) * CY_ECC_ROW_SIZE)
                0x00000000                ee_offset = (CY_APPL_LOADABLE && ! (CY_EE_IN_BTLDR))?((CY_EE_SIZE / CY_APPL_MAX) * (CY_APPL_NUM - 0x1)):0x0
                0x00000800                ee_size = (CY_APPL_LOADABLE && ! (CY_EE_IN_BTLDR))?(CY_EE_SIZE / CY_APPL_MAX):CY_EE_SIZE
                [!provide]                PROVIDE (CY_ECC_OFFSET, ecc_offset)

.text           0x00000000     0x2efa
 CREATE_OBJECT_SYMBOLS
                0x00000000                PROVIDE (__cy_interrupt_vector, RomVectors)
 *(.romvectors)
 .romvectors    0x00000000       0x10 .\CortexM3\ARM_GCC_541\Debug\Cm3Start.o
                0x00000000                RomVectors
                0x00000001                ASSERT ((. != __cy_interrupt_vector), No interrupt vector)
                0x00000001                ASSERT (CY_APPL_ORIGIN?(SIZEOF (.cybootloader) <= CY_APPL_ORIGIN):0x1, Wrong image location)
                0x00000010                PROVIDE (__cy_reset, Reset)
 *(.text.Reset)
 .text.Reset    0x00000010       0x18 .\CortexM3\ARM_GCC_541\Debug\Cm3Start.o
                0x00000010                Reset
                0x00000001                ASSERT ((. != __cy_reset), No reset code)
 *(.dma_init)
                0x00000001                ASSERT ((((appl_start + .) <= 0x10000) || 0x1), DMA Init must be within the first 64k of flash)
 *(.text .text.* .gnu.linkonce.t.*)
 .text          0x00000028       0x5c c:/program files (x86)/cypress/psoc creator/4.2/psoc creator/import/gnu/arm/5.4.1/bin/../lib/gcc/arm-none-eabi/5.4.1/armv7-m/crtbegin.o
 .text.main     0x00000084       0x38 .\CortexM3\ARM_GCC_541\Debug\main.o
                0x00000084                main
 .text.MyISR    0x000000bc       0x3c .\CortexM3\ARM_GCC_541\Debug\main.o
                0x000000bc                MyISR
 .text.handle_usb
                0x000000f8       0xc8 .\CortexM3\ARM_GCC_541\Debug\main.o
                0x000000f8                handle_usb
 .text.CYMEMZERO
                0x000001c0       0x1c .\CortexM3\ARM_GCC_541\Debug\cyfitter_cfg.o
 .text.CYCONFIGCPY
                0x000001dc       0x20 .\CortexM3\ARM_GCC_541\Debug\cyfitter_cfg.o
 .text.CyClockStartupError
                0x000001fc        0xc .\CortexM3\ARM_GCC_541\Debug\cyfitter_cfg.o
 .text.cfg_write_bytes32
                0x00000208       0x74 .\CortexM3\ARM_GCC_541\Debug\cyfitter_cfg.o
 .text.ClockSetup
                0x0000027c      0x154 .\CortexM3\ARM_GCC_541\Debug\cyfitter_cfg.o
 .text.AnalogSetDefault
                0x000003d0       0xe4 .\CortexM3\ARM_GCC_541\Debug\cyfitter_cfg.o
 .text.cyfitter_cfg
                0x000004b4      0x1d8 .\CortexM3\ARM_GCC_541\Debug\cyfitter_cfg.o
                0x000004b4                cyfitter_cfg
 .text.IntDefaultHandler
                0x0000068c       0x14 .\CortexM3\ARM_GCC_541\Debug\Cm3Start.o
                0x0000068c                IntDefaultHandler
 .text.Start_c  0x000006a0       0x98 .\CortexM3\ARM_GCC_541\Debug\Cm3Start.o
                0x000006a0                Start_c
 .text.initialize_psoc
                0x00000738       0x94 .\CortexM3\ARM_GCC_541\Debug\Cm3Start.o
                0x00000738                initialize_psoc
 .text.isr_TS_StartEx
                0x000007cc       0x24 .\CortexM3\ARM_GCC_541\Debug\hardware_task_1.a(isr_TS.o)
                0x000007cc                isr_TS_StartEx
 .text.isr_TS_SetVector
                0x000007f0       0x24 .\CortexM3\ARM_GCC_541\Debug\hardware_task_1.a(isr_TS.o)
                0x000007f0                isr_TS_SetVector
 .text.isr_TS_SetPriority
                0x00000814       0x24 .\CortexM3\ARM_GCC_541\Debug\hardware_task_1.a(isr_TS.o)
                0x00000814                isr_TS_SetPriority
 .text.isr_TS_Enable
                0x00000838       0x18 .\CortexM3\ARM_GCC_541\Debug\hardware_task_1.a(isr_TS.o)
                0x00000838                isr_TS_Enable
 .text.isr_TS_Disable
                0x00000850       0x18 .\CortexM3\ARM_GCC_541\Debug\hardware_task_1.a(isr_TS.o)
                0x00000850                isr_TS_Disable
 .text.Timer_TS_Init
                0x00000868       0x48 .\CortexM3\ARM_GCC_541\Debug\hardware_task_1.a(Timer_TS.o)
                0x00000868                Timer_TS_Init
 .text.Timer_TS_Enable
                0x000008b0       0x20 .\CortexM3\ARM_GCC_541\Debug\hardware_task_1.a(Timer_TS.o)
                0x000008b0                Timer_TS_Enable
 .text.Timer_TS_Start
                0x000008d0       0x24 .\CortexM3\ARM_GCC_541\Debug\hardware_task_1.a(Timer_TS.o)
                0x000008d0                Timer_TS_Start
 .text.Timer_TS_SetInterruptMode
                0x000008f4       0x20 .\CortexM3\ARM_GCC_541\Debug\hardware_task_1.a(Timer_TS.o)
                0x000008f4                Timer_TS_SetInterruptMode
 .text.Timer_TS_ReadStatusRegister
                0x00000914       0x18 .\CortexM3\ARM_GCC_541\Debug\hardware_task_1.a(Timer_TS.o)
                0x00000914                Timer_TS_ReadStatusRegister
 .text.Timer_TS_WritePeriod
                0x0000092c       0x20 .\CortexM3\ARM_GCC_541\Debug\hardware_task_1.a(Timer_TS.o)
                0x0000092c                Timer_TS_WritePeriod
 .text.Timer_TS_ReadCapture
                0x0000094c       0x18 .\CortexM3\ARM_GCC_541\Debug\hardware_task_1.a(Timer_TS.o)
                0x0000094c                Timer_TS_ReadCapture
 .text.Timer_TS_WriteCounter
                0x00000964       0x20 .\CortexM3\ARM_GCC_541\Debug\hardware_task_1.a(Timer_TS.o)
                0x00000964                Timer_TS_WriteCounter
 .text.Timer_TS_ClearFIFO
                0x00000984       0x1c .\CortexM3\ARM_GCC_541\Debug\hardware_task_1.a(Timer_TS.o)
                0x00000984                Timer_TS_ClearFIFO
 .text.USBUART_Start
                0x000009a0       0x3c .\CortexM3\ARM_GCC_541\Debug\hardware_task_1.a(USBUART.o)
                0x000009a0                USBUART_Start
 .text.USBUART_Init
                0x000009dc      0x1a4 .\CortexM3\ARM_GCC_541\Debug\hardware_task_1.a(USBUART.o)
                0x000009dc                USBUART_Init
 .text.USBUART_InitComponent
                0x00000b80      0x100 .\CortexM3\ARM_GCC_541\Debug\hardware_task_1.a(USBUART.o)
                0x00000b80                USBUART_InitComponent
 .text.USBUART_ReInitComponent
                0x00000c80       0x68 .\CortexM3\ARM_GCC_541\Debug\hardware_task_1.a(USBUART.o)
                0x00000c80                USBUART_ReInitComponent
 .text.USBUART_GetConfiguration
                0x00000ce8       0x18 .\CortexM3\ARM_GCC_541\Debug\hardware_task_1.a(USBUART.o)
                0x00000ce8                USBUART_GetConfiguration
 .text.USBUART_GetEPState
                0x00000d00       0x2c .\CortexM3\ARM_GCC_541\Debug\hardware_task_1.a(USBUART.o)
                0x00000d00                USBUART_GetEPState
 .text.USBUART_GetEPCount
                0x00000d2c       0x60 .\CortexM3\ARM_GCC_541\Debug\hardware_task_1.a(USBUART.o)
                0x00000d2c                USBUART_GetEPCount
 .text.USBUART_LoadInEP
                0x00000d8c      0x108 .\CortexM3\ARM_GCC_541\Debug\hardware_task_1.a(USBUART.o)
                0x00000d8c                USBUART_LoadInEP
 .text.USBUART_ReadOutEP
                0x00000e94       0x8c .\CortexM3\ARM_GCC_541\Debug\hardware_task_1.a(USBUART.o)
                0x00000e94                USBUART_ReadOutEP
 .text.USBUART_EnableOutEP
                0x00000f20       0x5c .\CortexM3\ARM_GCC_541\Debug\hardware_task_1.a(USBUART.o)
                0x00000f20                USBUART_EnableOutEP
 .text.USBUART_DispatchCDCClassRqst
                0x00000f7c       0xe4 .\CortexM3\ARM_GCC_541\Debug\hardware_task_1.a(USBUART_cdc.o)
                0x00000f7c                USBUART_DispatchCDCClassRqst
 .text.USBUART_GetInterfaceComPort
                0x00001060       0x60 .\CortexM3\ARM_GCC_541\Debug\hardware_task_1.a(USBUART_cdc.o)
                0x00001060                USBUART_GetInterfaceComPort
 .text.USBUART_CDC_Init
                0x000010c0       0xa8 .\CortexM3\ARM_GCC_541\Debug\hardware_task_1.a(USBUART_cdc.o)
                0x000010c0                USBUART_CDC_Init
 .text.USBUART_PutChar
                0x00001168       0x38 .\CortexM3\ARM_GCC_541\Debug\hardware_task_1.a(USBUART_cdc.o)
                0x00001168                USBUART_PutChar
 .text.USBUART_DataIsReady
                0x000011a0       0x24 .\CortexM3\ARM_GCC_541\Debug\hardware_task_1.a(USBUART_cdc.o)
                0x000011a0                USBUART_DataIsReady
 .text.USBUART_GetChar
                0x000011c4       0x30 .\CortexM3\ARM_GCC_541\Debug\hardware_task_1.a(USBUART_cdc.o)
                0x000011c4                USBUART_GetChar
 .text.USBUART_Cdc_EpInit
                0x000011f4       0x90 .\CortexM3\ARM_GCC_541\Debug\hardware_task_1.a(USBUART_cdc.o)
                0x000011f4                USBUART_Cdc_EpInit
 .text.USBUART_EP_0_ISR
                0x00001284       0xf8 .\CortexM3\ARM_GCC_541\Debug\hardware_task_1.a(USBUART_drv.o)
                0x00001284                USBUART_EP_0_ISR
 .text.USBUART_HandleSetup
                0x0000137c       0x88 .\CortexM3\ARM_GCC_541\Debug\hardware_task_1.a(USBUART_drv.o)
                0x0000137c                USBUART_HandleSetup
 .text.USBUART_HandleIN
                0x00001404       0x4c .\CortexM3\ARM_GCC_541\Debug\hardware_task_1.a(USBUART_drv.o)
                0x00001404                USBUART_HandleIN
 .text.USBUART_HandleOUT
                0x00001450       0x58 .\CortexM3\ARM_GCC_541\Debug\hardware_task_1.a(USBUART_drv.o)
                0x00001450                USBUART_HandleOUT
 .text.USBUART_LoadEP0
                0x000014a8       0xd0 .\CortexM3\ARM_GCC_541\Debug\hardware_task_1.a(USBUART_drv.o)
                0x000014a8                USBUART_LoadEP0
 .text.USBUART_InitControlRead
                0x00001578       0x70 .\CortexM3\ARM_GCC_541\Debug\hardware_task_1.a(USBUART_drv.o)
                0x00001578                USBUART_InitControlRead
 .text.USBUART_InitZeroLengthControlTransfer
                0x000015e8       0x40 .\CortexM3\ARM_GCC_541\Debug\hardware_task_1.a(USBUART_drv.o)
                0x000015e8                USBUART_InitZeroLengthControlTransfer
 .text.USBUART_ControlReadDataStage
                0x00001628        0xc .\CortexM3\ARM_GCC_541\Debug\hardware_task_1.a(USBUART_drv.o)
                0x00001628                USBUART_ControlReadDataStage
 .text.USBUART_ControlReadStatusStage
                0x00001634       0x40 .\CortexM3\ARM_GCC_541\Debug\hardware_task_1.a(USBUART_drv.o)
                0x00001634                USBUART_ControlReadStatusStage
 .text.USBUART_InitControlWrite
                0x00001674       0x64 .\CortexM3\ARM_GCC_541\Debug\hardware_task_1.a(USBUART_drv.o)
                0x00001674                USBUART_InitControlWrite
 .text.USBUART_ControlWriteDataStage
                0x000016d8       0xb4 .\CortexM3\ARM_GCC_541\Debug\hardware_task_1.a(USBUART_drv.o)
                0x000016d8                USBUART_ControlWriteDataStage
 .text.USBUART_ControlWriteStatusStage
                0x0000178c       0x24 .\CortexM3\ARM_GCC_541\Debug\hardware_task_1.a(USBUART_drv.o)
                0x0000178c                USBUART_ControlWriteStatusStage
 .text.USBUART_InitNoDataControlTransfer
                0x000017b0       0x38 .\CortexM3\ARM_GCC_541\Debug\hardware_task_1.a(USBUART_drv.o)
                0x000017b0                USBUART_InitNoDataControlTransfer
 .text.USBUART_NoDataControlStatusStage
                0x000017e8       0x4c .\CortexM3\ARM_GCC_541\Debug\hardware_task_1.a(USBUART_drv.o)
                0x000017e8                USBUART_NoDataControlStatusStage
 .text.USBUART_UpdateStatusBlock
                0x00001834       0x40 .\CortexM3\ARM_GCC_541\Debug\hardware_task_1.a(USBUART_drv.o)
                0x00001834                USBUART_UpdateStatusBlock
 .text.USBUART_InitializeStatusBlock
                0x00001874       0x34 .\CortexM3\ARM_GCC_541\Debug\hardware_task_1.a(USBUART_drv.o)
                0x00001874                USBUART_InitializeStatusBlock
 .text.USBUART_EP_1_ISR
                0x000018a8       0x48 .\CortexM3\ARM_GCC_541\Debug\hardware_task_1.a(USBUART_episr.o)
                0x000018a8                USBUART_EP_1_ISR
 .text.USBUART_EP_2_ISR
                0x000018f0       0x4c .\CortexM3\ARM_GCC_541\Debug\hardware_task_1.a(USBUART_episr.o)
                0x000018f0                USBUART_EP_2_ISR
 .text.USBUART_EP_3_ISR
                0x0000193c       0x54 .\CortexM3\ARM_GCC_541\Debug\hardware_task_1.a(USBUART_episr.o)
                0x0000193c                USBUART_EP_3_ISR
 .text.USBUART_SOF_ISR
                0x00001990        0xc .\CortexM3\ARM_GCC_541\Debug\hardware_task_1.a(USBUART_episr.o)
                0x00001990                USBUART_SOF_ISR
 .text.USBUART_BUS_RESET_ISR
                0x0000199c        0xc .\CortexM3\ARM_GCC_541\Debug\hardware_task_1.a(USBUART_episr.o)
                0x0000199c                USBUART_BUS_RESET_ISR
 .text.USBUART_DP_ISR
                0x000019a8        0xc .\CortexM3\ARM_GCC_541\Debug\hardware_task_1.a(USBUART_pm.o)
                0x000019a8                USBUART_DP_ISR
 .text.USBUART_HandleStandardRqst
                0x000019b4      0x4a4 .\CortexM3\ARM_GCC_541\Debug\hardware_task_1.a(USBUART_std.o)
                0x000019b4                USBUART_HandleStandardRqst
 .text.USBUART_ReadDieID
                0x00001e58       0xd8 .\CortexM3\ARM_GCC_541\Debug\hardware_task_1.a(USBUART_std.o)
                0x00001e58                USBUART_ReadDieID
 .text.USBUART_ConfigReg
                0x00001f30      0x138 .\CortexM3\ARM_GCC_541\Debug\hardware_task_1.a(USBUART_std.o)
                0x00001f30                USBUART_ConfigReg
 .text.USBUART_Config
                0x00002068      0x3a4 .\CortexM3\ARM_GCC_541\Debug\hardware_task_1.a(USBUART_std.o)
                0x00002068                USBUART_Config
 .text.USBUART_ConfigAltChanged
                0x0000240c      0x25c .\CortexM3\ARM_GCC_541\Debug\hardware_task_1.a(USBUART_std.o)
                0x0000240c                USBUART_ConfigAltChanged
 .text.USBUART_GetConfigTablePtr
                0x00002668       0x50 .\CortexM3\ARM_GCC_541\Debug\hardware_task_1.a(USBUART_std.o)
                0x00002668                USBUART_GetConfigTablePtr
 .text.USBUART_GetDeviceTablePtr
                0x000026b8       0x24 .\CortexM3\ARM_GCC_541\Debug\hardware_task_1.a(USBUART_std.o)
                0x000026b8                USBUART_GetDeviceTablePtr
 .text.USBUART_GetInterfaceClassTablePtr
                0x000026dc       0x4c .\CortexM3\ARM_GCC_541\Debug\hardware_task_1.a(USBUART_std.o)
                0x000026dc                USBUART_GetInterfaceClassTablePtr
 .text.USBUART_SetEndpointHalt
                0x00002728       0xe8 .\CortexM3\ARM_GCC_541\Debug\hardware_task_1.a(USBUART_std.o)
                0x00002728                USBUART_SetEndpointHalt
 .text.USBUART_ClearEndpointHalt
                0x00002810      0x158 .\CortexM3\ARM_GCC_541\Debug\hardware_task_1.a(USBUART_std.o)
                0x00002810                USBUART_ClearEndpointHalt
 .text.USBUART_ValidateAlternateSetting
                0x00002968       0x70 .\CortexM3\ARM_GCC_541\Debug\hardware_task_1.a(USBUART_std.o)
                0x00002968                USBUART_ValidateAlternateSetting
 .text.USBUART_HandleVendorRqst
                0x000029d8       0x54 .\CortexM3\ARM_GCC_541\Debug\hardware_task_1.a(USBUART_vnd.o)
                0x000029d8                USBUART_HandleVendorRqst
 .text.USBUART_Dp_ClearInterrupt
                0x00002a2c       0x20 .\CortexM3\ARM_GCC_541\Debug\hardware_task_1.a(USBUART_Dp.o)
                0x00002a2c                USBUART_Dp_ClearInterrupt
 .text.CyDmacConfigure
                0x00002a4c       0x5c .\CortexM3\ARM_GCC_541\Debug\hardware_task_1.a(CyDmac.o)
                0x00002a4c                CyDmacConfigure
 .text.CyHalt   0x00002aa8       0x18 .\CortexM3\ARM_GCC_541\Debug\hardware_task_1.a(CyLib.o)
                0x00002aa8                CyHalt
 .text.CyDelayUs
                0x00002ac0       0x28 .\CortexM3\ARM_GCC_541\Debug\hardware_task_1.a(CyLib.o)
                0x00002ac0                CyDelayUs
 .text.CyIntSetVector
                0x00002ae8       0x50 .\CortexM3\ARM_GCC_541\Debug\hardware_task_1.a(CyLib.o)
                0x00002ae8                CyIntSetVector
 .text.CyIntSetPriority
                0x00002b38       0x48 .\CortexM3\ARM_GCC_541\Debug\hardware_task_1.a(CyLib.o)
                0x00002b38                CyIntSetPriority
 .text.CyGetUniqueId
                0x00002b80       0xc4 .\CortexM3\ARM_GCC_541\Debug\hardware_task_1.a(CyLib.o)
                0x00002b80                CyGetUniqueId
 .text.RF_BT_SELECT_Write
                0x00002c44       0x20 .\CortexM3\ARM_GCC_541\Debug\hardware_task_1.a(RF_BT_SELECT.o)
                0x00002c44                RF_BT_SELECT_Write
 .text.VDAC8_1_Init
                0x00002c64       0x28 .\CortexM3\ARM_GCC_541\Debug\hardware_task_1.a(VDAC8_1.o)
                0x00002c64                VDAC8_1_Init
 .text.VDAC8_1_Enable
                0x00002c8c       0x34 .\CortexM3\ARM_GCC_541\Debug\hardware_task_1.a(VDAC8_1.o)
                0x00002c8c                VDAC8_1_Enable
 .text.VDAC8_1_Start
                0x00002cc0       0x28 .\CortexM3\ARM_GCC_541\Debug\hardware_task_1.a(VDAC8_1.o)
                0x00002cc0                VDAC8_1_Start
 .text.VDAC8_1_SetSpeed
                0x00002ce8       0x40 .\CortexM3\ARM_GCC_541\Debug\hardware_task_1.a(VDAC8_1.o)
                0x00002ce8                VDAC8_1_SetSpeed
 .text.VDAC8_1_SetRange
                0x00002d28       0x40 .\CortexM3\ARM_GCC_541\Debug\hardware_task_1.a(VDAC8_1.o)
                0x00002d28                VDAC8_1_SetRange
 .text.VDAC8_1_SetValue
                0x00002d68       0x20 .\CortexM3\ARM_GCC_541\Debug\hardware_task_1.a(VDAC8_1.o)
                0x00002d68                VDAC8_1_SetValue
 .text.VDAC8_1_DacTrim
                0x00002d88       0x3c .\CortexM3\ARM_GCC_541\Debug\hardware_task_1.a(VDAC8_1.o)
                0x00002d88                VDAC8_1_DacTrim
 *fill*         0x00002dc4        0x4 
 .text          0x00002dc8       0x20 .\CortexM3\ARM_GCC_541\Debug\hardware_task_1.a(CyBootAsmGnu.o)
                0x00002dc8                CyDelayCycles
                0x00002dd8                CyEnterCriticalSection
                0x00002de0                CyExitCriticalSection
 .text.USBUART_DispatchClassRqst
                0x00002de8       0x84 .\CortexM3\ARM_GCC_541\Debug\hardware_task_1.a(USBUART_cls.o)
                0x00002de8                USBUART_DispatchClassRqst
 .text.__errno  0x00002e6c        0xc c:/program files (x86)/cypress/psoc creator/4.2/psoc creator/import/gnu/arm/5.4.1/bin/../lib/gcc/arm-none-eabi/5.4.1/../../../../arm-none-eabi/lib/armv7-m\libg_nano.a(lib_a-errno.o)
                0x00002e6c                __errno
 .text.__libc_init_array
                0x00002e78       0x4c c:/program files (x86)/cypress/psoc creator/4.2/psoc creator/import/gnu/arm/5.4.1/bin/../lib/gcc/arm-none-eabi/5.4.1/../../../../arm-none-eabi/lib/armv7-m\libg_nano.a(lib_a-init.o)
                0x00002e78                __libc_init_array
 .text.memcpy   0x00002ec4       0x16 c:/program files (x86)/cypress/psoc creator/4.2/psoc creator/import/gnu/arm/5.4.1/bin/../lib/gcc/arm-none-eabi/5.4.1/../../../../arm-none-eabi/lib/armv7-m\libg_nano.a(lib_a-memcpy-stub.o)
                0x00002ec4                memcpy
 .text.memset   0x00002eda       0x10 c:/program files (x86)/cypress/psoc creator/4.2/psoc creator/import/gnu/arm/5.4.1/bin/../lib/gcc/arm-none-eabi/5.4.1/../../../../arm-none-eabi/lib/armv7-m\libg_nano.a(lib_a-memset.o)
                0x00002eda                memset
 .text.strcpy   0x00002eea       0x10 c:/program files (x86)/cypress/psoc creator/4.2/psoc creator/import/gnu/arm/5.4.1/bin/../lib/gcc/arm-none-eabi/5.4.1/../../../../arm-none-eabi/lib/armv7-m\libg_nano.a(lib_a-strcpy.o)
                0x00002eea                strcpy
 *(.plt)
 *(.gnu.warning)
 *(.glue_7t)
 .glue_7t       0x00002efa        0x0 linker stubs
 *(.glue_7)
 .glue_7        0x00002efa        0x0 linker stubs
 *(.vfp11_veneer)
 .vfp11_veneer  0x00002efa        0x0 linker stubs
 *(.bootloader)
 *(.ARM.extab* .gnu.linkonce.armextab.*)
 *(.gcc_except_table)

.v4_bx          0x00002efc        0x0
 .v4_bx         0x00002efc        0x0 linker stubs

.iplt           0x00002efc        0x0
 .iplt          0x00002efc        0x0 c:/program files (x86)/cypress/psoc creator/4.2/psoc creator/import/gnu/arm/5.4.1/bin/../lib/gcc/arm-none-eabi/5.4.1/armv7-m/crtbegin.o

.eh_frame_hdr
 *(.eh_frame_hdr)

.eh_frame       0x00002efc        0x4
 *(.eh_frame)
 .eh_frame      0x00002efc        0x0 c:/program files (x86)/cypress/psoc creator/4.2/psoc creator/import/gnu/arm/5.4.1/bin/../lib/gcc/arm-none-eabi/5.4.1/armv7-m/crtbegin.o
 .eh_frame      0x00002efc        0x4 c:/program files (x86)/cypress/psoc creator/4.2/psoc creator/import/gnu/arm/5.4.1/bin/../lib/gcc/arm-none-eabi/5.4.1/armv7-m/crtend.o
                [!provide]                PROVIDE (__exidx_start, .)

.ARM.exidx
 *(.ARM.exidx* .gnu.linkonce.armexidx.*)
                0x00002f00                __exidx_end = .

.rodata         0x00002f00      0x238
 *(.rodata .rodata.* .gnu.linkonce.r.*)
 .rodata        0x00002f00       0x44 .\CortexM3\ARM_GCC_541\Debug\cyfitter_cfg.o
 .rodata        0x00002f44       0x11 .\CortexM3\ARM_GCC_541\Debug\hardware_task_1.a(USBUART_std.o)
 *fill*         0x00002f55        0x3 
 .rodata        0x00002f58      0x1a8 .\CortexM3\ARM_GCC_541\Debug\hardware_task_1.a(USBUART_descr.o)
                0x00002f58                USBUART_DEVICE0_DESCR
                0x00002f6c                USBUART_DEVICE0_CONFIGURATION0_DESCR
                0x00002fb0                USBUART_STRING_DESCRIPTORS
                0x0000305c                USBUART_SN_STRING_DESCRIPTOR
                0x00003060                USBUART_DEVICE0_CONFIGURATION0_EP_SETTINGS_TABLE
                0x00003078                USBUART_DEVICE0_CONFIGURATION0_INTERFACE_CLASS
                0x0000307c                USBUART_DEVICE0_CONFIGURATION0_TABLE
                0x000030a4                USBUART_DEVICE0_TABLE
                0x000030bc                USBUART_TABLE
                0x000030c4                USBUART_MSOS_DESCRIPTOR
                0x000030d8                USBUART_MSOS_CONFIGURATION_DESCR
 .rodata.str1.1
                0x00003100        0x2 c:/program files (x86)/cypress/psoc creator/4.2/psoc creator/import/gnu/arm/5.4.1/bin/../lib/gcc/arm-none-eabi/5.4.1/../../../../arm-none-eabi/lib/armv7-m\libg_nano.a(lib_a-impure.o)
                0x00003104                . = ALIGN (0x4)
 *fill*         0x00003102        0x2 
 *(.init)
 .init          0x00003104        0x4 c:/program files (x86)/cypress/psoc creator/4.2/psoc creator/import/gnu/arm/5.4.1/bin/../lib/gcc/arm-none-eabi/5.4.1/armv7-m/crti.o
                0x00003104                _init
 .init          0x00003108        0x8 c:/program files (x86)/cypress/psoc creator/4.2/psoc creator/import/gnu/arm/5.4.1/bin/../lib/gcc/arm-none-eabi/5.4.1/armv7-m/crtn.o
                0x00003110                . = ALIGN (0x4)
                0x00003110                __preinit_array_start = .
 *(.preinit_array)
                0x00003110                __preinit_array_end = .
                0x00003110                . = ALIGN (0x4)
                0x00003110                __init_array_start = .
 *(SORT(.init_array.*))
 *(.init_array)
 .init_array    0x00003110        0x4 c:/program files (x86)/cypress/psoc creator/4.2/psoc creator/import/gnu/arm/5.4.1/bin/../lib/gcc/arm-none-eabi/5.4.1/armv7-m/crtbegin.o
 .init_array    0x00003114        0x4 .\CortexM3\ARM_GCC_541\Debug\Cm3Start.o
                0x00003118                __init_array_end = .
                0x00003118                . = ALIGN (0x4)
 *(.fini)
 .fini          0x00003118        0x4 c:/program files (x86)/cypress/psoc creator/4.2/psoc creator/import/gnu/arm/5.4.1/bin/../lib/gcc/arm-none-eabi/5.4.1/armv7-m/crti.o
                0x00003118                _fini
 .fini          0x0000311c        0x8 c:/program files (x86)/cypress/psoc creator/4.2/psoc creator/import/gnu/arm/5.4.1/bin/../lib/gcc/arm-none-eabi/5.4.1/armv7-m/crtn.o
                0x00003124                . = ALIGN (0x4)
                0x00003124                __fini_array_start = .
 *(.fini_array)
 .fini_array    0x00003124        0x4 c:/program files (x86)/cypress/psoc creator/4.2/psoc creator/import/gnu/arm/5.4.1/bin/../lib/gcc/arm-none-eabi/5.4.1/armv7-m/crtbegin.o
 *(SORT(.fini_array.*))
                0x00003128                __fini_array_end = .
                0x00003128                . = ALIGN (0x4)
 *crtbegin.o(.ctors)
 *(EXCLUDE_FILE(*crtend.o) .ctors)
 *(SORT(.ctors.*))
 *crtend.o(.ctors)
                0x00003128                . = ALIGN (0x4)
 *crtbegin.o(.dtors)
 *(EXCLUDE_FILE(*crtend.o) .dtors)
 *(SORT(.dtors.*))
 *crtend.o(.dtors)
                0x00003128                . = ALIGN (0x4)
                0x00003128                __cy_regions = .
                0x00003128        0x4 LONG 0x3138 __cy_region_init_ram
                0x0000312c        0x4 LONG 0x1fff80c8 __cy_region_start_data
                0x00003130        0x4 LONG 0xa0 __cy_region_init_size_ram
                0x00003134        0x4 LONG 0x220 __cy_region_zero_size_ram
                0x00003138                __cy_regions_end = .
                0x00003138                . = ALIGN (0x8)
                0x00003138                _etext = .

.cy_checksum_exclude
                0x00003138        0x0
 *(.cy_checksum_exclude)

.ramvectors     0x1fff8000       0xc0
                0x1fff8000                __cy_region_start_ram = .
 *(.ramvectors)
 .ramvectors    0x1fff8000       0xc0 .\CortexM3\ARM_GCC_541\Debug\Cm3Start.o
                0x1fff8000                CyRamVectors

.noinit         0x1fff80c0        0x5
 *(.noinit)
 .noinit        0x1fff80c0        0x4 .\CortexM3\ARM_GCC_541\Debug\Cm3Start.o
 .noinit        0x1fff80c4        0x1 .\CortexM3\ARM_GCC_541\Debug\hardware_task_1.a(CyLib.o)
                0x1fff80c4                CyResetStatus

.data           0x1fff80c8       0xa0 load address 0x00003138
                0x1fff80c8                __cy_region_start_data = .
 *(.jcr)
 .jcr           0x1fff80c8        0x0 c:/program files (x86)/cypress/psoc creator/4.2/psoc creator/import/gnu/arm/5.4.1/bin/../lib/gcc/arm-none-eabi/5.4.1/armv7-m/crtbegin.o
 .jcr           0x1fff80c8        0x4 c:/program files (x86)/cypress/psoc creator/4.2/psoc creator/import/gnu/arm/5.4.1/bin/../lib/gcc/arm-none-eabi/5.4.1/armv7-m/crtend.o
 *(.got.plt)
 *(.got)
 *(.shdata)
 *(.data .data.* .gnu.linkonce.d.*)
 .data          0x1fff80cc       0x1a .\CortexM3\ARM_GCC_541\Debug\hardware_task_1.a(USBUART_cdc.o)
                0x1fff80cc                USBUART_linesCoding
 *fill*         0x1fff80e6        0x2 
 .data          0x1fff80e8        0x8 .\CortexM3\ARM_GCC_541\Debug\hardware_task_1.a(CyDmac.o)
 .data          0x1fff80f0       0x10 .\CortexM3\ARM_GCC_541\Debug\hardware_task_1.a(CyLib.o)
                0x1fff80f0                cydelay_freq_hz
                0x1fff80f4                cydelay_freq_khz
                0x1fff80f8                cydelay_freq_mhz
                0x1fff80fc                cydelay_32k_ms
 .data.impure_data
                0x1fff8100       0x60 c:/program files (x86)/cypress/psoc creator/4.2/psoc creator/import/gnu/arm/5.4.1/bin/../lib/gcc/arm-none-eabi/5.4.1/../../../../arm-none-eabi/lib/armv7-m\libg_nano.a(lib_a-impure.o)
 .data._impure_ptr
                0x1fff8160        0x4 c:/program files (x86)/cypress/psoc creator/4.2/psoc creator/import/gnu/arm/5.4.1/bin/../lib/gcc/arm-none-eabi/5.4.1/../../../../arm-none-eabi/lib/armv7-m\libg_nano.a(lib_a-impure.o)
                0x1fff8160                _impure_ptr
                0x1fff8168                . = ALIGN (0x8)
 *fill*         0x1fff8164        0x4 
 *(.ram)
                0x1fff8168                _edata = .

.igot.plt       0x1fff8168        0x0 load address 0x000031d8
 .igot.plt      0x1fff8168        0x0 c:/program files (x86)/cypress/psoc creator/4.2/psoc creator/import/gnu/arm/5.4.1/bin/../lib/gcc/arm-none-eabi/5.4.1/armv7-m/crtbegin.o

.bss            0x1fff8168      0x220 load address 0x000031d8
                0x1fff8168                PROVIDE (__bss_start__, .)
 *(.shbss)
 *(.bss .bss.* .gnu.linkonce.b.*)
 .bss           0x1fff8168       0x1c c:/program files (x86)/cypress/psoc creator/4.2/psoc creator/import/gnu/arm/5.4.1/bin/../lib/gcc/arm-none-eabi/5.4.1/armv7-m/crtbegin.o
 .bss           0x1fff8184       0x16 .\CortexM3\ARM_GCC_541\Debug\main.o
                0x1fff8184                ts
                0x1fff8186                ts_enc
                0x1fff8188                ts_update
                0x1fff818a                ts_speed
                0x1fff818c                ts_display
                0x1fff818e                flag_ts_enc
                0x1fff818f                flag_ts_update
                0x1fff8190                flag_ts_speed
                0x1fff8191                flag_ts_display
                0x1fff8192                flag_rx
                0x1fff8193                flag_packet
                0x1fff8194                flag_KB_string
                0x1fff8195                dataready_flag
 .bss           0x1fff819a        0x1 .\CortexM3\ARM_GCC_541\Debug\hardware_task_1.a(Timer_TS.o)
                0x1fff819a                Timer_TS_initVar
 .bss           0x1fff819b        0x1 .\CortexM3\ARM_GCC_541\Debug\hardware_task_1.a(USBUART.o)
                0x1fff819b                USBUART_initVar
 .bss           0x1fff819c        0x1 .\CortexM3\ARM_GCC_541\Debug\hardware_task_1.a(USBUART_cdc.o)
 *fill*         0x1fff819d        0x3 
 .bss           0x1fff81a0        0x2 .\CortexM3\ARM_GCC_541\Debug\hardware_task_1.a(USBUART_std.o)
 .bss           0x1fff81a2        0x1 .\CortexM3\ARM_GCC_541\Debug\hardware_task_1.a(VDAC8_1.o)
                0x1fff81a2                VDAC8_1_initVar
 *(COMMON)
 *fill*         0x1fff81a3        0x1 
 COMMON         0x1fff81a4      0x10c .\CortexM3\ARM_GCC_541\Debug\main.o
                0x1fff81a4                entry
                0x1fff81e4                system_state
                0x1fff8204                line
                0x1fff8244                usbBuffer
                0x1fff8284                result_array
                0x1fff82ac                i
                0x1fff82ad                num
                0x1fff82ae                result
 COMMON         0x1fff82b0       0x18 .\CortexM3\ARM_GCC_541\Debug\hardware_task_1.a(USBUART_cdc.o)
                0x1fff82b0                USBUART_linesChanged
                0x1fff82b4                USBUART_cdcDataInEp
                0x1fff82b8                USBUART_cdcCommInInterruptEp
                0x1fff82bc                USBUART_cdcDataOutEp
                0x1fff82c0                USBUART_serialStateBitmap
                0x1fff82c4                USBUART_linesControlBitmap
 COMMON         0x1fff82c8       0x9a .\CortexM3\ARM_GCC_541\Debug\hardware_task_1.a(USBUART_drv.o)
                0x1fff82c8                USBUART_lastPacketSize
                0x1fff82c9                USBUART_device
                0x1fff82ca                USBUART_transferByteCount
                0x1fff82cc                USBUART_transferState
                0x1fff82d0                USBUART_interfaceSettingLast
                0x1fff82d4                USBUART_currentTD
                0x1fff82e0                USBUART_interfaceNumber
                0x1fff82e4                USBUART_interfaceClass
                0x1fff82e8                USBUART_configurationChanged
                0x1fff82e9                USBUART_ep0Mode
                0x1fff82ea                USBUART_deviceAddress
                0x1fff82eb                USBUART_configuration
                0x1fff82ec                USBUART_ep0Count
                0x1fff82ed                USBUART_deviceStatus
                0x1fff82f0                USBUART_EP
                0x1fff835c                USBUART_interfaceSetting
                0x1fff835e                USBUART_ep0Toggle
                0x1fff8360                USBUART_interfaceStatus
 *fill*         0x1fff8362        0x2 
 COMMON         0x1fff8364       0x22 .\CortexM3\ARM_GCC_541\Debug\hardware_task_1.a(USBUART_descr.o)
                0x1fff8364                USBUART_idSerialNumberStringDescriptor
                0x1fff8388                . = ALIGN (0x8)
 *fill*         0x1fff8386        0x2 
 *(.ram.b)
                0x1fff8388                _end = .
                0x1fff8388                __end = .
                0x1fff8388                PROVIDE (end, .)
                0x1fff8388                PROVIDE (__bss_end__, .)
                0x00003138                __cy_region_init_ram = LOADADDR (.data)
                0x000000a0                __cy_region_init_size_ram = (_edata - ADDR (.data))
                0x00000220                __cy_region_zero_size_ram = (_end - _edata)

.heap           0x1fff8388       0x80 load address 0x000031d8
                0x1fff8388                . = _end
                0x1fff8408                . = (. + 0x80)
 *fill*         0x1fff8388       0x80 
                0x1fff8408                __cy_heap_limit = .

.stack          0x20007800      0x800
                0x20007800                __cy_stack_limit = .
                0x20008000                . = (. + 0x800)
 *fill*         0x20007800      0x800 
                0x00000001                ASSERT ((__cy_stack_limit >= __cy_heap_limit), region RAM overflowed with stack)
                0x00000000                cy_checksum_exclude_size = (CY_APPL_LOADABLE == 0x1)?SIZEOF (.cy_checksum_exclude):0x0
                0x00000001                ASSERT ((cy_checksum_exclude_size <= CY_CHECKSUM_EXCLUDE_SIZE), CY_BOOT: Section .cy_checksum_exclude size exceedes specified limit.)

.cyloadermeta
 *(.cyloadermeta)

.cyloadablemeta
 *(.cyloadablemeta)

.cyconfigecc    0x80000000     0x1014
 *(.cyconfigecc)
 .cyconfigecc   0x80000000     0x1014 .\CortexM3\ARM_GCC_541\Debug\cymetadata.o
                0x80000000                cy_meta_configecc

.cycustnvl      0x90000000        0x4
 *(.cycustnvl)
 .cycustnvl     0x90000000        0x4 .\CortexM3\ARM_GCC_541\Debug\cymetadata.o
                0x90000000                cy_meta_custnvl

.cywolatch      0x90100000        0x4
 *(.cywolatch)
 .cywolatch     0x90100000        0x4 .\CortexM3\ARM_GCC_541\Debug\cymetadata.o
                0x90100000                cy_meta_wonvl

.cyeeprom       0x90200000        0x0
 *(.cyeeprom)
                0x00000001                ASSERT ((. <= ((0x90200000 + ee_offset) + ee_size)), .cyeeprom data will not fit in EEPROM)

.cyflashprotect
                0x90400000      0x100
 *(.cyflashprotect)
 .cyflashprotect
                0x90400000      0x100 .\CortexM3\ARM_GCC_541\Debug\cymetadata.o
                0x90400000                cy_meta_flashprotect

.cymeta         0x90500000        0xc
 *(.cymeta)
 .cymeta        0x90500000        0xc .\CortexM3\ARM_GCC_541\Debug\cymetadata.o
                0x90500000                cy_metadata

.rel.dyn        0x000031d8        0x0 load address 0x9050000c
 .rel.iplt      0x000031d8        0x0 c:/program files (x86)/cypress/psoc creator/4.2/psoc creator/import/gnu/arm/5.4.1/bin/../lib/gcc/arm-none-eabi/5.4.1/armv7-m/crtbegin.o

.stab
 *(.stab)

.stabstr
 *(.stabstr)

.debug
 *(.debug)

.line
 *(.line)

.debug_srcinfo
 *(.debug_srcinfo)

.debug_sfnames
 *(.debug_sfnames)

.debug_aranges  0x00000000      0xdc8
 *(.debug_aranges)
 .debug_aranges
                0x00000000       0x40 .\CortexM3\ARM_GCC_541\Debug\main.o
 .debug_aranges
                0x00000040       0x28 .\CortexM3\ARM_GCC_541\Debug\tacho.o
 .debug_aranges
                0x00000068       0x60 .\CortexM3\ARM_GCC_541\Debug\cyfitter_cfg.o
 .debug_aranges
                0x000000c8       0x18 .\CortexM3\ARM_GCC_541\Debug\cymetadata.o
 .debug_aranges
                0x000000e0       0x48 .\CortexM3\ARM_GCC_541\Debug\Cm3Start.o
 .debug_aranges
                0x00000128       0x80 .\CortexM3\ARM_GCC_541\Debug\hardware_task_1.a(isr_TS.o)
 .debug_aranges
                0x000001a8       0x90 .\CortexM3\ARM_GCC_541\Debug\hardware_task_1.a(Timer_TS.o)
 .debug_aranges
                0x00000238       0xc8 .\CortexM3\ARM_GCC_541\Debug\hardware_task_1.a(USBUART.o)
 .debug_aranges
                0x00000300       0xe8 .\CortexM3\ARM_GCC_541\Debug\hardware_task_1.a(USBUART_cdc.o)
 .debug_aranges
                0x000003e8       0x98 .\CortexM3\ARM_GCC_541\Debug\hardware_task_1.a(USBUART_drv.o)
 .debug_aranges
                0x00000480       0x40 .\CortexM3\ARM_GCC_541\Debug\hardware_task_1.a(USBUART_episr.o)
 .debug_aranges
                0x000004c0       0x40 .\CortexM3\ARM_GCC_541\Debug\hardware_task_1.a(USBUART_pm.o)
 .debug_aranges
                0x00000500       0x80 .\CortexM3\ARM_GCC_541\Debug\hardware_task_1.a(USBUART_std.o)
 .debug_aranges
                0x00000580       0x20 .\CortexM3\ARM_GCC_541\Debug\hardware_task_1.a(USBUART_vnd.o)
 .debug_aranges
                0x000005a0       0x48 .\CortexM3\ARM_GCC_541\Debug\hardware_task_1.a(USBUART_Dp.o)
 .debug_aranges
                0x000005e8       0xd8 .\CortexM3\ARM_GCC_541\Debug\hardware_task_1.a(CyDmac.o)
 .debug_aranges
                0x000006c0      0x2a0 .\CortexM3\ARM_GCC_541\Debug\hardware_task_1.a(CyLib.o)
 .debug_aranges
                0x00000960       0x98 .\CortexM3\ARM_GCC_541\Debug\hardware_task_1.a(cyPm.o)
 .debug_aranges
                0x000009f8       0x60 .\CortexM3\ARM_GCC_541\Debug\hardware_task_1.a(QuadDec_M1.o)
 .debug_aranges
                0x00000a58       0x60 .\CortexM3\ARM_GCC_541\Debug\hardware_task_1.a(QuadDec_M2.o)
 .debug_aranges
                0x00000ab8       0x98 .\CortexM3\ARM_GCC_541\Debug\hardware_task_1.a(QuadDec_M1_Cnt16.o)
 .debug_aranges
                0x00000b50       0x98 .\CortexM3\ARM_GCC_541\Debug\hardware_task_1.a(QuadDec_M2_Cnt16.o)
 .debug_aranges
                0x00000be8       0x28 .\CortexM3\ARM_GCC_541\Debug\hardware_task_1.a(RF_BT_SELECT.o)
 .debug_aranges
                0x00000c10       0x58 .\CortexM3\ARM_GCC_541\Debug\hardware_task_1.a(VDAC8_1.o)
 .debug_aranges
                0x00000c68       0x20 .\CortexM3\ARM_GCC_541\Debug\hardware_task_1.a(CyBootAsmGnu.o)
 .debug_aranges
                0x00000c88       0x20 .\CortexM3\ARM_GCC_541\Debug\hardware_task_1.a(USBUART_cls.o)
 .debug_aranges
                0x00000ca8       0x18 .\CortexM3\ARM_GCC_541\Debug\hardware_task_1.a(USBUART_descr.o)
 .debug_aranges
                0x00000cc0       0x88 .\CortexM3\ARM_GCC_541\Debug\hardware_task_1.a(CyFlash.o)
 .debug_aranges
                0x00000d48       0x80 .\CortexM3\ARM_GCC_541\Debug\hardware_task_1.a(CySpc.o)

.debug_pubnames
 *(.debug_pubnames)

.debug_info     0x00000000     0x6ed3
 *(.debug_info .gnu.linkonce.wi.*)
 .debug_info    0x00000000      0x436 .\CortexM3\ARM_GCC_541\Debug\main.o
 .debug_info    0x00000436      0x14e .\CortexM3\ARM_GCC_541\Debug\tacho.o
 .debug_info    0x00000584      0x481 .\CortexM3\ARM_GCC_541\Debug\cyfitter_cfg.o
 .debug_info    0x00000a05      0x139 .\CortexM3\ARM_GCC_541\Debug\cymetadata.o
 .debug_info    0x00000b3e      0x32b .\CortexM3\ARM_GCC_541\Debug\Cm3Start.o
 .debug_info    0x00000e69      0x24b .\CortexM3\ARM_GCC_541\Debug\hardware_task_1.a(isr_TS.o)
 .debug_info    0x000010b4      0x25b .\CortexM3\ARM_GCC_541\Debug\hardware_task_1.a(Timer_TS.o)
 .debug_info    0x0000130f      0x717 .\CortexM3\ARM_GCC_541\Debug\hardware_task_1.a(USBUART.o)
 .debug_info    0x00001a26      0x924 .\CortexM3\ARM_GCC_541\Debug\hardware_task_1.a(USBUART_cdc.o)
 .debug_info    0x0000234a      0x52d .\CortexM3\ARM_GCC_541\Debug\hardware_task_1.a(USBUART_drv.o)
 .debug_info    0x00002877      0x23b .\CortexM3\ARM_GCC_541\Debug\hardware_task_1.a(USBUART_episr.o)
 .debug_info    0x00002ab2      0x18d .\CortexM3\ARM_GCC_541\Debug\hardware_task_1.a(USBUART_pm.o)
 .debug_info    0x00002c3f      0x961 .\CortexM3\ARM_GCC_541\Debug\hardware_task_1.a(USBUART_std.o)
 .debug_info    0x000035a0      0x1a9 .\CortexM3\ARM_GCC_541\Debug\hardware_task_1.a(USBUART_vnd.o)
 .debug_info    0x00003749      0x171 .\CortexM3\ARM_GCC_541\Debug\hardware_task_1.a(USBUART_Dp.o)
 .debug_info    0x000038ba      0x8c0 .\CortexM3\ARM_GCC_541\Debug\hardware_task_1.a(CyDmac.o)
 .debug_info    0x0000417a      0xe51 .\CortexM3\ARM_GCC_541\Debug\hardware_task_1.a(CyLib.o)
 .debug_info    0x00004fcb      0x57a .\CortexM3\ARM_GCC_541\Debug\hardware_task_1.a(cyPm.o)
 .debug_info    0x00005545      0x208 .\CortexM3\ARM_GCC_541\Debug\hardware_task_1.a(QuadDec_M1.o)
 .debug_info    0x0000574d      0x208 .\CortexM3\ARM_GCC_541\Debug\hardware_task_1.a(QuadDec_M2.o)
 .debug_info    0x00005955      0x291 .\CortexM3\ARM_GCC_541\Debug\hardware_task_1.a(QuadDec_M1_Cnt16.o)
 .debug_info    0x00005be6      0x291 .\CortexM3\ARM_GCC_541\Debug\hardware_task_1.a(QuadDec_M2_Cnt16.o)
 .debug_info    0x00005e77       0xd7 .\CortexM3\ARM_GCC_541\Debug\hardware_task_1.a(RF_BT_SELECT.o)
 .debug_info    0x00005f4e      0x185 .\CortexM3\ARM_GCC_541\Debug\hardware_task_1.a(VDAC8_1.o)
 .debug_info    0x000060d3       0xde .\CortexM3\ARM_GCC_541\Debug\hardware_task_1.a(CyBootAsmGnu.o)
 .debug_info    0x000061b1      0x1c8 .\CortexM3\ARM_GCC_541\Debug\hardware_task_1.a(USBUART_cls.o)
 .debug_info    0x00006379      0x2e1 .\CortexM3\ARM_GCC_541\Debug\hardware_task_1.a(USBUART_descr.o)
 .debug_info    0x0000665a      0x3b9 .\CortexM3\ARM_GCC_541\Debug\hardware_task_1.a(CyFlash.o)
 .debug_info    0x00006a13      0x4c0 .\CortexM3\ARM_GCC_541\Debug\hardware_task_1.a(CySpc.o)

.debug_abbrev   0x00000000     0x225e
 *(.debug_abbrev)
 .debug_abbrev  0x00000000      0x146 .\CortexM3\ARM_GCC_541\Debug\main.o
 .debug_abbrev  0x00000146       0x96 .\CortexM3\ARM_GCC_541\Debug\tacho.o
 .debug_abbrev  0x000001dc      0x1b7 .\CortexM3\ARM_GCC_541\Debug\cyfitter_cfg.o
 .debug_abbrev  0x00000393       0x77 .\CortexM3\ARM_GCC_541\Debug\cymetadata.o
 .debug_abbrev  0x0000040a      0x1d6 .\CortexM3\ARM_GCC_541\Debug\Cm3Start.o
 .debug_abbrev  0x000005e0      0x183 .\CortexM3\ARM_GCC_541\Debug\hardware_task_1.a(isr_TS.o)
 .debug_abbrev  0x00000763      0x11b .\CortexM3\ARM_GCC_541\Debug\hardware_task_1.a(Timer_TS.o)
 .debug_abbrev  0x0000087e      0x1f3 .\CortexM3\ARM_GCC_541\Debug\hardware_task_1.a(USBUART.o)
 .debug_abbrev  0x00000a71      0x233 .\CortexM3\ARM_GCC_541\Debug\hardware_task_1.a(USBUART_cdc.o)
 .debug_abbrev  0x00000ca4      0x161 .\CortexM3\ARM_GCC_541\Debug\hardware_task_1.a(USBUART_drv.o)
 .debug_abbrev  0x00000e05       0xfd .\CortexM3\ARM_GCC_541\Debug\hardware_task_1.a(USBUART_episr.o)
 .debug_abbrev  0x00000f02       0xd1 .\CortexM3\ARM_GCC_541\Debug\hardware_task_1.a(USBUART_pm.o)
 .debug_abbrev  0x00000fd3      0x1c2 .\CortexM3\ARM_GCC_541\Debug\hardware_task_1.a(USBUART_std.o)
 .debug_abbrev  0x00001195       0xc5 .\CortexM3\ARM_GCC_541\Debug\hardware_task_1.a(USBUART_vnd.o)
 .debug_abbrev  0x0000125a       0x90 .\CortexM3\ARM_GCC_541\Debug\hardware_task_1.a(USBUART_Dp.o)
 .debug_abbrev  0x000012ea      0x194 .\CortexM3\ARM_GCC_541\Debug\hardware_task_1.a(CyDmac.o)
 .debug_abbrev  0x0000147e      0x217 .\CortexM3\ARM_GCC_541\Debug\hardware_task_1.a(CyLib.o)
 .debug_abbrev  0x00001695      0x161 .\CortexM3\ARM_GCC_541\Debug\hardware_task_1.a(cyPm.o)
 .debug_abbrev  0x000017f6      0x130 .\CortexM3\ARM_GCC_541\Debug\hardware_task_1.a(QuadDec_M1.o)
 .debug_abbrev  0x00001926      0x130 .\CortexM3\ARM_GCC_541\Debug\hardware_task_1.a(QuadDec_M2.o)
 .debug_abbrev  0x00001a56      0x12c .\CortexM3\ARM_GCC_541\Debug\hardware_task_1.a(QuadDec_M1_Cnt16.o)
 .debug_abbrev  0x00001b82      0x12c .\CortexM3\ARM_GCC_541\Debug\hardware_task_1.a(QuadDec_M2_Cnt16.o)
 .debug_abbrev  0x00001cae       0x81 .\CortexM3\ARM_GCC_541\Debug\hardware_task_1.a(RF_BT_SELECT.o)
 .debug_abbrev  0x00001d2f       0xeb .\CortexM3\ARM_GCC_541\Debug\hardware_task_1.a(VDAC8_1.o)
 .debug_abbrev  0x00001e1a       0x14 .\CortexM3\ARM_GCC_541\Debug\hardware_task_1.a(CyBootAsmGnu.o)
 .debug_abbrev  0x00001e2e       0xc5 .\CortexM3\ARM_GCC_541\Debug\hardware_task_1.a(USBUART_cls.o)
 .debug_abbrev  0x00001ef3       0xb4 .\CortexM3\ARM_GCC_541\Debug\hardware_task_1.a(USBUART_descr.o)
 .debug_abbrev  0x00001fa7      0x14b .\CortexM3\ARM_GCC_541\Debug\hardware_task_1.a(CyFlash.o)
 .debug_abbrev  0x000020f2      0x16c .\CortexM3\ARM_GCC_541\Debug\hardware_task_1.a(CySpc.o)

.debug_line     0x00000000     0x3686
 *(.debug_line)
 .debug_line    0x00000000      0x20e .\CortexM3\ARM_GCC_541\Debug\main.o
 .debug_line    0x0000020e      0x183 .\CortexM3\ARM_GCC_541\Debug\tacho.o
 .debug_line    0x00000391      0x238 .\CortexM3\ARM_GCC_541\Debug\cyfitter_cfg.o
 .debug_line    0x000005c9      0x141 .\CortexM3\ARM_GCC_541\Debug\cymetadata.o
 .debug_line    0x0000070a      0x1db .\CortexM3\ARM_GCC_541\Debug\Cm3Start.o
 .debug_line    0x000008e5      0x150 .\CortexM3\ARM_GCC_541\Debug\hardware_task_1.a(isr_TS.o)
 .debug_line    0x00000a35      0x171 .\CortexM3\ARM_GCC_541\Debug\hardware_task_1.a(Timer_TS.o)
 .debug_line    0x00000ba6      0x307 .\CortexM3\ARM_GCC_541\Debug\hardware_task_1.a(USBUART.o)
 .debug_line    0x00000ead      0x30c .\CortexM3\ARM_GCC_541\Debug\hardware_task_1.a(USBUART_cdc.o)
 .debug_line    0x000011b9      0x21f .\CortexM3\ARM_GCC_541\Debug\hardware_task_1.a(USBUART_drv.o)
 .debug_line    0x000013d8       0xf2 .\CortexM3\ARM_GCC_541\Debug\hardware_task_1.a(USBUART_episr.o)
 .debug_line    0x000014ca       0xe6 .\CortexM3\ARM_GCC_541\Debug\hardware_task_1.a(USBUART_pm.o)
 .debug_line    0x000015b0      0x470 .\CortexM3\ARM_GCC_541\Debug\hardware_task_1.a(USBUART_std.o)
 .debug_line    0x00001a20       0x8f .\CortexM3\ARM_GCC_541\Debug\hardware_task_1.a(USBUART_vnd.o)
 .debug_line    0x00001aaf       0xbf .\CortexM3\ARM_GCC_541\Debug\hardware_task_1.a(USBUART_Dp.o)
 .debug_line    0x00001b6e      0x2b6 .\CortexM3\ARM_GCC_541\Debug\hardware_task_1.a(CyDmac.o)
 .debug_line    0x00001e24      0x883 .\CortexM3\ARM_GCC_541\Debug\hardware_task_1.a(CyLib.o)
 .debug_line    0x000026a7      0x38e .\CortexM3\ARM_GCC_541\Debug\hardware_task_1.a(cyPm.o)
 .debug_line    0x00002a35      0x10a .\CortexM3\ARM_GCC_541\Debug\hardware_task_1.a(QuadDec_M1.o)
 .debug_line    0x00002b3f      0x10a .\CortexM3\ARM_GCC_541\Debug\hardware_task_1.a(QuadDec_M2.o)
 .debug_line    0x00002c49      0x18e .\CortexM3\ARM_GCC_541\Debug\hardware_task_1.a(QuadDec_M1_Cnt16.o)
 .debug_line    0x00002dd7      0x18e .\CortexM3\ARM_GCC_541\Debug\hardware_task_1.a(QuadDec_M2_Cnt16.o)
 .debug_line    0x00002f65       0x75 .\CortexM3\ARM_GCC_541\Debug\hardware_task_1.a(RF_BT_SELECT.o)
 .debug_line    0x00002fda       0xf0 .\CortexM3\ARM_GCC_541\Debug\hardware_task_1.a(VDAC8_1.o)
 .debug_line    0x000030ca       0x66 .\CortexM3\ARM_GCC_541\Debug\hardware_task_1.a(CyBootAsmGnu.o)
 .debug_line    0x00003130       0x95 .\CortexM3\ARM_GCC_541\Debug\hardware_task_1.a(USBUART_cls.o)
 .debug_line    0x000031c5       0x61 .\CortexM3\ARM_GCC_541\Debug\hardware_task_1.a(USBUART_descr.o)
 .debug_line    0x00003226      0x22f .\CortexM3\ARM_GCC_541\Debug\hardware_task_1.a(CyFlash.o)
 .debug_line    0x00003455      0x231 .\CortexM3\ARM_GCC_541\Debug\hardware_task_1.a(CySpc.o)

.debug_frame    0x00000000     0x3668
 *(.debug_frame)
 .debug_frame   0x00000000       0xc0 .\CortexM3\ARM_GCC_541\Debug\main.o
 .debug_frame   0x000000c0       0x60 .\CortexM3\ARM_GCC_541\Debug\tacho.o
 .debug_frame   0x00000120      0x16c .\CortexM3\ARM_GCC_541\Debug\cyfitter_cfg.o
 .debug_frame   0x0000028c       0xd8 .\CortexM3\ARM_GCC_541\Debug\Cm3Start.o
 .debug_frame   0x00000364      0x1e8 .\CortexM3\ARM_GCC_541\Debug\hardware_task_1.a(isr_TS.o)
 .debug_frame   0x0000054c      0x230 .\CortexM3\ARM_GCC_541\Debug\hardware_task_1.a(Timer_TS.o)
 .debug_frame   0x0000077c      0x37c .\CortexM3\ARM_GCC_541\Debug\hardware_task_1.a(USBUART.o)
 .debug_frame   0x00000af8      0x3ec .\CortexM3\ARM_GCC_541\Debug\hardware_task_1.a(USBUART_cdc.o)
 .debug_frame   0x00000ee4      0x23c .\CortexM3\ARM_GCC_541\Debug\hardware_task_1.a(USBUART_drv.o)
 .debug_frame   0x00001120       0xbc .\CortexM3\ARM_GCC_541\Debug\hardware_task_1.a(USBUART_episr.o)
 .debug_frame   0x000011dc       0xbc .\CortexM3\ARM_GCC_541\Debug\hardware_task_1.a(USBUART_pm.o)
 .debug_frame   0x00001298      0x224 .\CortexM3\ARM_GCC_541\Debug\hardware_task_1.a(USBUART_std.o)
 .debug_frame   0x000014bc       0x38 .\CortexM3\ARM_GCC_541\Debug\hardware_task_1.a(USBUART_vnd.o)
 .debug_frame   0x000014f4       0xf4 .\CortexM3\ARM_GCC_541\Debug\hardware_task_1.a(USBUART_Dp.o)
 .debug_frame   0x000015e8      0x3d0 .\CortexM3\ARM_GCC_541\Debug\hardware_task_1.a(CyDmac.o)
 .debug_frame   0x000019b8      0xc0c .\CortexM3\ARM_GCC_541\Debug\hardware_task_1.a(CyLib.o)
 .debug_frame   0x000025c4      0x234 .\CortexM3\ARM_GCC_541\Debug\hardware_task_1.a(cyPm.o)
 .debug_frame   0x000027f8      0x160 .\CortexM3\ARM_GCC_541\Debug\hardware_task_1.a(QuadDec_M1.o)
 .debug_frame   0x00002958      0x160 .\CortexM3\ARM_GCC_541\Debug\hardware_task_1.a(QuadDec_M2.o)
 .debug_frame   0x00002ab8      0x258 .\CortexM3\ARM_GCC_541\Debug\hardware_task_1.a(QuadDec_M1_Cnt16.o)
 .debug_frame   0x00002d10      0x258 .\CortexM3\ARM_GCC_541\Debug\hardware_task_1.a(QuadDec_M2_Cnt16.o)
 .debug_frame   0x00002f68       0x5c .\CortexM3\ARM_GCC_541\Debug\hardware_task_1.a(RF_BT_SELECT.o)
 .debug_frame   0x00002fc4      0x130 .\CortexM3\ARM_GCC_541\Debug\hardware_task_1.a(VDAC8_1.o)
 .debug_frame   0x000030f4       0x38 .\CortexM3\ARM_GCC_541\Debug\hardware_task_1.a(USBUART_cls.o)
 .debug_frame   0x0000312c      0x238 .\CortexM3\ARM_GCC_541\Debug\hardware_task_1.a(CyFlash.o)
 .debug_frame   0x00003364      0x228 .\CortexM3\ARM_GCC_541\Debug\hardware_task_1.a(CySpc.o)
 .debug_frame   0x0000358c       0x20 c:/program files (x86)/cypress/psoc creator/4.2/psoc creator/import/gnu/arm/5.4.1/bin/../lib/gcc/arm-none-eabi/5.4.1/../../../../arm-none-eabi/lib/armv7-m\libg_nano.a(lib_a-errno.o)
 .debug_frame   0x000035ac       0x28 c:/program files (x86)/cypress/psoc creator/4.2/psoc creator/import/gnu/arm/5.4.1/bin/../lib/gcc/arm-none-eabi/5.4.1/../../../../arm-none-eabi/lib/armv7-m\libg_nano.a(lib_a-exit.o)
 .debug_frame   0x000035d4       0x2c c:/program files (x86)/cypress/psoc creator/4.2/psoc creator/import/gnu/arm/5.4.1/bin/../lib/gcc/arm-none-eabi/5.4.1/../../../../arm-none-eabi/lib/armv7-m\libg_nano.a(lib_a-init.o)
 .debug_frame   0x00003600       0x28 c:/program files (x86)/cypress/psoc creator/4.2/psoc creator/import/gnu/arm/5.4.1/bin/../lib/gcc/arm-none-eabi/5.4.1/../../../../arm-none-eabi/lib/armv7-m\libg_nano.a(lib_a-memcpy-stub.o)
 .debug_frame   0x00003628       0x20 c:/program files (x86)/cypress/psoc creator/4.2/psoc creator/import/gnu/arm/5.4.1/bin/../lib/gcc/arm-none-eabi/5.4.1/../../../../arm-none-eabi/lib/armv7-m\libg_nano.a(lib_a-memset.o)
 .debug_frame   0x00003648       0x20 c:/program files (x86)/cypress/psoc creator/4.2/psoc creator/import/gnu/arm/5.4.1/bin/../lib/gcc/arm-none-eabi/5.4.1/../../../../arm-none-eabi/lib/armv7-m\libg_nano.a(lib_a-strcpy.o)

.debug_str      0x00000000     0x33da
 *(.debug_str)
 .debug_str     0x00000000      0x36e .\CortexM3\ARM_GCC_541\Debug\main.o
                                0x3eb (size before relaxing)
 .debug_str     0x0000036e       0x37 .\CortexM3\ARM_GCC_541\Debug\tacho.o
                                0x225 (size before relaxing)
 .debug_str     0x000003a5      0x1a9 .\CortexM3\ARM_GCC_541\Debug\cyfitter_cfg.o
                                0x38c (size before relaxing)
 .debug_str     0x0000054e       0x7f .\CortexM3\ARM_GCC_541\Debug\cymetadata.o
                                0x232 (size before relaxing)
 .debug_str     0x000005cd      0x11d .\CortexM3\ARM_GCC_541\Debug\Cm3Start.o
                                0x325 (size before relaxing)
 .debug_str     0x000006ea      0x10c .\CortexM3\ARM_GCC_541\Debug\hardware_task_1.a(isr_TS.o)
                                0x302 (size before relaxing)
 .debug_str     0x000007f6      0x1b1 .\CortexM3\ARM_GCC_541\Debug\hardware_task_1.a(Timer_TS.o)
                                0x392 (size before relaxing)
 .debug_str     0x000009a7      0x42d .\CortexM3\ARM_GCC_541\Debug\hardware_task_1.a(USBUART.o)
                                0x639 (size before relaxing)
 .debug_str     0x00000dd4      0x4d2 .\CortexM3\ARM_GCC_541\Debug\hardware_task_1.a(USBUART_cdc.o)
                                0x768 (size before relaxing)
 .debug_str     0x000012a6      0x296 .\CortexM3\ARM_GCC_541\Debug\hardware_task_1.a(USBUART_drv.o)
                                0x648 (size before relaxing)
 .debug_str     0x0000153c       0x80 .\CortexM3\ARM_GCC_541\Debug\hardware_task_1.a(USBUART_episr.o)
                                0x315 (size before relaxing)
 .debug_str     0x000015bc       0xac .\CortexM3\ARM_GCC_541\Debug\hardware_task_1.a(USBUART_pm.o)
                                0x2b9 (size before relaxing)
 .debug_str     0x00001668      0x2bb .\CortexM3\ARM_GCC_541\Debug\hardware_task_1.a(USBUART_std.o)
                                0x7a8 (size before relaxing)
 .debug_str     0x00001923       0x5f .\CortexM3\ARM_GCC_541\Debug\hardware_task_1.a(USBUART_vnd.o)
                                0x2c5 (size before relaxing)
 .debug_str     0x00001982       0xb5 .\CortexM3\ARM_GCC_541\Debug\hardware_task_1.a(USBUART_Dp.o)
                                0x28f (size before relaxing)
 .debug_str     0x00001a37      0x340 .\CortexM3\ARM_GCC_541\Debug\hardware_task_1.a(CyDmac.o)
                                0x56b (size before relaxing)
 .debug_str     0x00001d77      0x7c1 .\CortexM3\ARM_GCC_541\Debug\hardware_task_1.a(CyLib.o)
                                0xa38 (size before relaxing)
 .debug_str     0x00002538      0x371 .\CortexM3\ARM_GCC_541\Debug\hardware_task_1.a(cyPm.o)
                                0x591 (size before relaxing)
 .debug_str     0x000028a9       0xfa .\CortexM3\ARM_GCC_541\Debug\hardware_task_1.a(QuadDec_M1.o)
                                0x303 (size before relaxing)
 .debug_str     0x000029a3       0xf3 .\CortexM3\ARM_GCC_541\Debug\hardware_task_1.a(QuadDec_M2.o)
                                0x303 (size before relaxing)
 .debug_str     0x00002a96      0x252 .\CortexM3\ARM_GCC_541\Debug\hardware_task_1.a(QuadDec_M1_Cnt16.o)
                                0x44a (size before relaxing)
 .debug_str     0x00002ce8      0x236 .\CortexM3\ARM_GCC_541\Debug\hardware_task_1.a(QuadDec_M2_Cnt16.o)
                                0x44a (size before relaxing)
 .debug_str     0x00002f1e       0x4b .\CortexM3\ARM_GCC_541\Debug\hardware_task_1.a(RF_BT_SELECT.o)
                                0x212 (size before relaxing)
 .debug_str     0x00002f69       0xb1 .\CortexM3\ARM_GCC_541\Debug\hardware_task_1.a(VDAC8_1.o)
                                0x281 (size before relaxing)
 .debug_str     0x0000301a       0x3f .\CortexM3\ARM_GCC_541\Debug\hardware_task_1.a(USBUART_cls.o)
                                0x2dd (size before relaxing)
 .debug_str     0x00003059      0x104 .\CortexM3\ARM_GCC_541\Debug\hardware_task_1.a(USBUART_descr.o)
                                0x3e0 (size before relaxing)
 .debug_str     0x0000315d      0x156 .\CortexM3\ARM_GCC_541\Debug\hardware_task_1.a(CyFlash.o)
                                0x355 (size before relaxing)
 .debug_str     0x000032b3      0x127 .\CortexM3\ARM_GCC_541\Debug\hardware_task_1.a(CySpc.o)
                                0x34f (size before relaxing)

.debug_loc
 *(.debug_loc)

.debug_macinfo
 *(.debug_macinfo)

.debug_ranges   0x00000000      0xbd8
 *(.debug_ranges)
 .debug_ranges  0x00000000       0x30 .\CortexM3\ARM_GCC_541\Debug\main.o
 .debug_ranges  0x00000030       0x18 .\CortexM3\ARM_GCC_541\Debug\tacho.o
 .debug_ranges  0x00000048       0x50 .\CortexM3\ARM_GCC_541\Debug\cyfitter_cfg.o
 .debug_ranges  0x00000098       0x38 .\CortexM3\ARM_GCC_541\Debug\Cm3Start.o
 .debug_ranges  0x000000d0       0x70 .\CortexM3\ARM_GCC_541\Debug\hardware_task_1.a(isr_TS.o)
 .debug_ranges  0x00000140       0x80 .\CortexM3\ARM_GCC_541\Debug\hardware_task_1.a(Timer_TS.o)
 .debug_ranges  0x000001c0       0xb8 .\CortexM3\ARM_GCC_541\Debug\hardware_task_1.a(USBUART.o)
 .debug_ranges  0x00000278       0xd8 .\CortexM3\ARM_GCC_541\Debug\hardware_task_1.a(USBUART_cdc.o)
 .debug_ranges  0x00000350       0x88 .\CortexM3\ARM_GCC_541\Debug\hardware_task_1.a(USBUART_drv.o)
 .debug_ranges  0x000003d8       0x30 .\CortexM3\ARM_GCC_541\Debug\hardware_task_1.a(USBUART_episr.o)
 .debug_ranges  0x00000408       0x30 .\CortexM3\ARM_GCC_541\Debug\hardware_task_1.a(USBUART_pm.o)
 .debug_ranges  0x00000438       0x70 .\CortexM3\ARM_GCC_541\Debug\hardware_task_1.a(USBUART_std.o)
 .debug_ranges  0x000004a8       0x10 .\CortexM3\ARM_GCC_541\Debug\hardware_task_1.a(USBUART_vnd.o)
 .debug_ranges  0x000004b8       0x38 .\CortexM3\ARM_GCC_541\Debug\hardware_task_1.a(USBUART_Dp.o)
 .debug_ranges  0x000004f0       0xc8 .\CortexM3\ARM_GCC_541\Debug\hardware_task_1.a(CyDmac.o)
 .debug_ranges  0x000005b8      0x290 .\CortexM3\ARM_GCC_541\Debug\hardware_task_1.a(CyLib.o)
 .debug_ranges  0x00000848       0x88 .\CortexM3\ARM_GCC_541\Debug\hardware_task_1.a(cyPm.o)
 .debug_ranges  0x000008d0       0x50 .\CortexM3\ARM_GCC_541\Debug\hardware_task_1.a(QuadDec_M1.o)
 .debug_ranges  0x00000920       0x50 .\CortexM3\ARM_GCC_541\Debug\hardware_task_1.a(QuadDec_M2.o)
 .debug_ranges  0x00000970       0x88 .\CortexM3\ARM_GCC_541\Debug\hardware_task_1.a(QuadDec_M1_Cnt16.o)
 .debug_ranges  0x000009f8       0x88 .\CortexM3\ARM_GCC_541\Debug\hardware_task_1.a(QuadDec_M2_Cnt16.o)
 .debug_ranges  0x00000a80       0x18 .\CortexM3\ARM_GCC_541\Debug\hardware_task_1.a(RF_BT_SELECT.o)
 .debug_ranges  0x00000a98       0x48 .\CortexM3\ARM_GCC_541\Debug\hardware_task_1.a(VDAC8_1.o)
 .debug_ranges  0x00000ae0       0x10 .\CortexM3\ARM_GCC_541\Debug\hardware_task_1.a(USBUART_cls.o)
 .debug_ranges  0x00000af0       0x78 .\CortexM3\ARM_GCC_541\Debug\hardware_task_1.a(CyFlash.o)
 .debug_ranges  0x00000b68       0x70 .\CortexM3\ARM_GCC_541\Debug\hardware_task_1.a(CySpc.o)

.comment        0x00000000       0x6e
 .comment       0x00000000       0x6e .\CortexM3\ARM_GCC_541\Debug\main.o
                                 0x6f (size before relaxing)
 .comment       0x0000006e       0x6f .\CortexM3\ARM_GCC_541\Debug\tacho.o
 .comment       0x0000006e       0x6f .\CortexM3\ARM_GCC_541\Debug\cyfitter_cfg.o
 .comment       0x0000006e       0x6f .\CortexM3\ARM_GCC_541\Debug\cymetadata.o
 .comment       0x0000006e       0x6f .\CortexM3\ARM_GCC_541\Debug\Cm3Start.o
 .comment       0x0000006e       0x6f .\CortexM3\ARM_GCC_541\Debug\hardware_task_1.a(isr_TS.o)
 .comment       0x0000006e       0x6f .\CortexM3\ARM_GCC_541\Debug\hardware_task_1.a(Timer_TS.o)
 .comment       0x0000006e       0x6f .\CortexM3\ARM_GCC_541\Debug\hardware_task_1.a(USBUART.o)
 .comment       0x0000006e       0x6f .\CortexM3\ARM_GCC_541\Debug\hardware_task_1.a(USBUART_cdc.o)
 .comment       0x0000006e       0x6f .\CortexM3\ARM_GCC_541\Debug\hardware_task_1.a(USBUART_drv.o)
 .comment       0x0000006e       0x6f .\CortexM3\ARM_GCC_541\Debug\hardware_task_1.a(USBUART_episr.o)
 .comment       0x0000006e       0x6f .\CortexM3\ARM_GCC_541\Debug\hardware_task_1.a(USBUART_pm.o)
 .comment       0x0000006e       0x6f .\CortexM3\ARM_GCC_541\Debug\hardware_task_1.a(USBUART_std.o)
 .comment       0x0000006e       0x6f .\CortexM3\ARM_GCC_541\Debug\hardware_task_1.a(USBUART_vnd.o)
 .comment       0x0000006e       0x6f .\CortexM3\ARM_GCC_541\Debug\hardware_task_1.a(USBUART_Dp.o)
 .comment       0x0000006e       0x6f .\CortexM3\ARM_GCC_541\Debug\hardware_task_1.a(CyDmac.o)
 .comment       0x0000006e       0x6f .\CortexM3\ARM_GCC_541\Debug\hardware_task_1.a(CyLib.o)
 .comment       0x0000006e       0x6f .\CortexM3\ARM_GCC_541\Debug\hardware_task_1.a(cyPm.o)
 .comment       0x0000006e       0x6f .\CortexM3\ARM_GCC_541\Debug\hardware_task_1.a(QuadDec_M1.o)
 .comment       0x0000006e       0x6f .\CortexM3\ARM_GCC_541\Debug\hardware_task_1.a(QuadDec_M2.o)
 .comment       0x0000006e       0x6f .\CortexM3\ARM_GCC_541\Debug\hardware_task_1.a(QuadDec_M1_Cnt16.o)
 .comment       0x0000006e       0x6f .\CortexM3\ARM_GCC_541\Debug\hardware_task_1.a(QuadDec_M2_Cnt16.o)
 .comment       0x0000006e       0x6f .\CortexM3\ARM_GCC_541\Debug\hardware_task_1.a(RF_BT_SELECT.o)
 .comment       0x0000006e       0x6f .\CortexM3\ARM_GCC_541\Debug\hardware_task_1.a(VDAC8_1.o)
 .comment       0x0000006e       0x6f .\CortexM3\ARM_GCC_541\Debug\hardware_task_1.a(USBUART_cls.o)
 .comment       0x0000006e       0x6f .\CortexM3\ARM_GCC_541\Debug\hardware_task_1.a(USBUART_descr.o)
 .comment       0x0000006e       0x6f .\CortexM3\ARM_GCC_541\Debug\hardware_task_1.a(CyFlash.o)
 .comment       0x0000006e       0x6f .\CortexM3\ARM_GCC_541\Debug\hardware_task_1.a(CySpc.o)

.debug_weaknames
 *(.debug_weaknames)

.debug_funcnames
 *(.debug_funcnames)

.debug_typenames
 *(.debug_typenames)

.debug_varnames
 *(.debug_varnames)

.note.gnu.arm.ident
 *(.note.gnu.arm.ident)

.ARM.attributes
                0x00000000       0x29
 *(.ARM.attributes)
 .ARM.attributes
                0x00000000       0x1d c:/program files (x86)/cypress/psoc creator/4.2/psoc creator/import/gnu/arm/5.4.1/bin/../lib/gcc/arm-none-eabi/5.4.1/armv7-m/crti.o
 .ARM.attributes
                0x0000001d       0x2d c:/program files (x86)/cypress/psoc creator/4.2/psoc creator/import/gnu/arm/5.4.1/bin/../lib/gcc/arm-none-eabi/5.4.1/armv7-m/crtbegin.o
 .ARM.attributes
                0x0000004a       0x1b c:/program files (x86)/cypress/psoc creator/4.2/psoc creator/import/gnu/arm/5.4.1/bin/../lib/gcc/arm-none-eabi/5.4.1/../../../../arm-none-eabi/lib/armv7-m/crt0.o
 .ARM.attributes
                0x00000065       0x33 .\CortexM3\ARM_GCC_541\Debug\main.o
 .ARM.attributes
                0x00000098       0x33 .\CortexM3\ARM_GCC_541\Debug\tacho.o
 .ARM.attributes
                0x000000cb       0x33 .\CortexM3\ARM_GCC_541\Debug\cyfitter_cfg.o
 .ARM.attributes
                0x000000fe       0x33 .\CortexM3\ARM_GCC_541\Debug\cymetadata.o
 .ARM.attributes
                0x00000131       0x33 .\CortexM3\ARM_GCC_541\Debug\Cm3Start.o
 .ARM.attributes
                0x00000164       0x33 .\CortexM3\ARM_GCC_541\Debug\hardware_task_1.a(isr_TS.o)
 .ARM.attributes
                0x00000197       0x33 .\CortexM3\ARM_GCC_541\Debug\hardware_task_1.a(Timer_TS.o)
 .ARM.attributes
                0x000001ca       0x33 .\CortexM3\ARM_GCC_541\Debug\hardware_task_1.a(USBUART.o)
 .ARM.attributes
                0x000001fd       0x33 .\CortexM3\ARM_GCC_541\Debug\hardware_task_1.a(USBUART_cdc.o)
 .ARM.attributes
                0x00000230       0x33 .\CortexM3\ARM_GCC_541\Debug\hardware_task_1.a(USBUART_drv.o)
 .ARM.attributes
                0x00000263       0x33 .\CortexM3\ARM_GCC_541\Debug\hardware_task_1.a(USBUART_episr.o)
 .ARM.attributes
                0x00000296       0x33 .\CortexM3\ARM_GCC_541\Debug\hardware_task_1.a(USBUART_pm.o)
 .ARM.attributes
                0x000002c9       0x33 .\CortexM3\ARM_GCC_541\Debug\hardware_task_1.a(USBUART_std.o)
 .ARM.attributes
                0x000002fc       0x33 .\CortexM3\ARM_GCC_541\Debug\hardware_task_1.a(USBUART_vnd.o)
 .ARM.attributes
                0x0000032f       0x33 .\CortexM3\ARM_GCC_541\Debug\hardware_task_1.a(USBUART_Dp.o)
 .ARM.attributes
                0x00000362       0x33 .\CortexM3\ARM_GCC_541\Debug\hardware_task_1.a(CyDmac.o)
 .ARM.attributes
                0x00000395       0x33 .\CortexM3\ARM_GCC_541\Debug\hardware_task_1.a(CyLib.o)
 .ARM.attributes
                0x000003c8       0x33 .\CortexM3\ARM_GCC_541\Debug\hardware_task_1.a(cyPm.o)
 .ARM.attributes
                0x000003fb       0x33 .\CortexM3\ARM_GCC_541\Debug\hardware_task_1.a(QuadDec_M1.o)
 .ARM.attributes
                0x0000042e       0x33 .\CortexM3\ARM_GCC_541\Debug\hardware_task_1.a(QuadDec_M2.o)
 .ARM.attributes
                0x00000461       0x33 .\CortexM3\ARM_GCC_541\Debug\hardware_task_1.a(QuadDec_M1_Cnt16.o)
 .ARM.attributes
                0x00000494       0x33 .\CortexM3\ARM_GCC_541\Debug\hardware_task_1.a(QuadDec_M2_Cnt16.o)
 .ARM.attributes
                0x000004c7       0x33 .\CortexM3\ARM_GCC_541\Debug\hardware_task_1.a(RF_BT_SELECT.o)
 .ARM.attributes
                0x000004fa       0x33 .\CortexM3\ARM_GCC_541\Debug\hardware_task_1.a(VDAC8_1.o)
 .ARM.attributes
                0x0000052d       0x21 .\CortexM3\ARM_GCC_541\Debug\hardware_task_1.a(CyBootAsmGnu.o)
 .ARM.attributes
                0x0000054e       0x33 .\CortexM3\ARM_GCC_541\Debug\hardware_task_1.a(USBUART_cls.o)
 .ARM.attributes
                0x00000581       0x33 .\CortexM3\ARM_GCC_541\Debug\hardware_task_1.a(USBUART_descr.o)
 .ARM.attributes
                0x000005b4       0x33 .\CortexM3\ARM_GCC_541\Debug\hardware_task_1.a(CyFlash.o)
 .ARM.attributes
                0x000005e7       0x33 .\CortexM3\ARM_GCC_541\Debug\hardware_task_1.a(CySpc.o)
 .ARM.attributes
                0x0000061a       0x2d c:/program files (x86)/cypress/psoc creator/4.2/psoc creator/import/gnu/arm/5.4.1/bin/../lib/gcc/arm-none-eabi/5.4.1/../../../../arm-none-eabi/lib/armv7-m\libg_nano.a(lib_a-errno.o)
 .ARM.attributes
                0x00000647       0x2d c:/program files (x86)/cypress/psoc creator/4.2/psoc creator/import/gnu/arm/5.4.1/bin/../lib/gcc/arm-none-eabi/5.4.1/../../../../arm-none-eabi/lib/armv7-m\libg_nano.a(lib_a-exit.o)
 .ARM.attributes
                0x00000674       0x2d c:/program files (x86)/cypress/psoc creator/4.2/psoc creator/import/gnu/arm/5.4.1/bin/../lib/gcc/arm-none-eabi/5.4.1/../../../../arm-none-eabi/lib/armv7-m\libg_nano.a(lib_a-impure.o)
 .ARM.attributes
                0x000006a1       0x2d c:/program files (x86)/cypress/psoc creator/4.2/psoc creator/import/gnu/arm/5.4.1/bin/../lib/gcc/arm-none-eabi/5.4.1/../../../../arm-none-eabi/lib/armv7-m\libg_nano.a(lib_a-init.o)
 .ARM.attributes
                0x000006ce       0x2d c:/program files (x86)/cypress/psoc creator/4.2/psoc creator/import/gnu/arm/5.4.1/bin/../lib/gcc/arm-none-eabi/5.4.1/../../../../arm-none-eabi/lib/armv7-m\libg_nano.a(lib_a-memcpy-stub.o)
 .ARM.attributes
                0x000006fb       0x2d c:/program files (x86)/cypress/psoc creator/4.2/psoc creator/import/gnu/arm/5.4.1/bin/../lib/gcc/arm-none-eabi/5.4.1/../../../../arm-none-eabi/lib/armv7-m\libg_nano.a(lib_a-memset.o)
 .ARM.attributes
                0x00000728       0x2d c:/program files (x86)/cypress/psoc creator/4.2/psoc creator/import/gnu/arm/5.4.1/bin/../lib/gcc/arm-none-eabi/5.4.1/../../../../arm-none-eabi/lib/armv7-m\libg_nano.a(lib_a-strcpy.o)
 .ARM.attributes
                0x00000755       0x17 c:/program files (x86)/cypress/psoc creator/4.2/psoc creator/import/gnu/arm/5.4.1/bin/../lib/gcc/arm-none-eabi/5.4.1/../../../../arm-none-eabi/lib/armv7-m\libg_nano.a(lib_a-strlen.o)
 .ARM.attributes
                0x0000076c       0x2d c:/program files (x86)/cypress/psoc creator/4.2/psoc creator/import/gnu/arm/5.4.1/bin/../lib/gcc/arm-none-eabi/5.4.1/armv7-m/crtend.o
 .ARM.attributes
                0x00000799       0x1d c:/program files (x86)/cypress/psoc creator/4.2/psoc creator/import/gnu/arm/5.4.1/bin/../lib/gcc/arm-none-eabi/5.4.1/armv7-m/crtn.o

/DISCARD/
 *(.note.GNU-stack)
OUTPUT(C:\Users\lthw148\Downloads\psoc student pack (2)\psoc student pack (2)\psoc student pack\psoc student pack\psoc_code_base\hardware_task_1.cydsn\CortexM3\ARM_GCC_541\Debug\hardware_task_1.elf elf32-littlearm)
